judging 14 questions × 4 conditions = 56 answers
  G1    C1  correct=False faith=1.0 crecall=0.0
  G1    C2  correct=False faith=1.0 crecall=0.0
  G1    C3  correct=False faith=1.0 crecall=0.0
  G1    C4  correct=True faith=1.0 crecall=1.0
  G10   C1  correct=False faith=1.0 crecall=0.0
  G10   C2  correct=False faith=1.0 crecall=0.0
  G10   C3  correct=False faith=1.0 crecall=1.0
  G10   C4  correct=True faith=1.0 crecall=1.0
  G18   C1  correct=False faith=1.0 crecall=0.0
  G18   C2  correct=False faith=1.0 crecall=0.0
  G18   C3  correct=False faith=1.0 crecall=0.0
  G18   C4  correct=True faith=1.0 crecall=1.0
  G19   C1  correct=False faith=1.0 crecall=0.0
  G19   C2  correct=False faith=1.0 crecall=0.0
  G19   C3  correct=False faith=1.0 crecall=0.0
  G19   C4  correct=True faith=1.0 crecall=1.0
  G38   C1  correct=False faith=1.0 crecall=0.0
  G38   C2  correct=False faith=1.0 crecall=0.0
  G38   C3  correct=False faith=1.0 crecall=0.0
  G38   C4  correct=True faith=1.0 crecall=1.0
  G39   C1  correct=False faith=1.0 crecall=0.0
  G39   C2  correct=False faith=1.0 crecall=0.0
  G39   C3  correct=False faith=1.0 crecall=0.0
  G39   C4  correct=True faith=1.0 crecall=1.0
  G87   C1  correct=False faith=1.0 crecall=0.0
  G87   C2  correct=False faith=0.7 crecall=0.0
  G87   C3  correct=False faith=1.0 crecall=0.0
  G87   C4  correct=True faith=1.0 crecall=1.0
  G100  C1  correct=False faith=1.0 crecall=0.0
  G100  C2  correct=False faith=1.0 crecall=0.0
  G100  C3  correct=False faith=1.0 crecall=0.0
  G100  C4  correct=True faith=1.0 crecall=1.0
  G101  C1  correct=False faith=1.0 crecall=0.0
  G101  C2  correct=False faith=1.0 crecall=0.0
  G101  C3  correct=True faith=0.75 crecall=0.5
  G101  C4  correct=True faith=0.5 crecall=0.5
  G102  C1  correct=True faith=1.0 crecall=0.0
  G102  C2  correct=True faith=1.0 crecall=0.5
  G102  C3  correct=True faith=1.0 crecall=0.4
  G102  C4  correct=True faith=1.0 crecall=1.0
  G104  C1  correct=False faith=1.0 crecall=0.0
  G104  C2  correct=False faith=0.9 crecall=0.0
  G104  C3  correct=False faith=0.85 crecall=0.0
  G104  C4  correct=True faith=0.9 crecall=1.0
  G105  C1  correct=False faith=1.0 crecall=0.0
  G105  C2  correct=False faith=0.7 crecall=0.0
  G105  C3  correct=True faith=0.95 crecall=1.0
  G105  C4  correct=True faith=1.0 crecall=1.0
  G107  C1  correct=True faith=1.0 crecall=0.0
  G107  C2  correct=True faith=1.0 crecall=0.0
  G107  C3  correct=True faith=1.0 crecall=0.0
  G107  C4  correct=True faith=1.0 crecall=1.0
  G108  C1  correct=True faith=0.9 crecall=0.0
  G108  C2  correct=True faith=1.0 crecall=0.0
  G108  C3  correct=True faith=1.0 crecall=1.0
  G108  C4  correct=True faith=1.0 crecall=1.0

attached judge to 56 records -> benchmark_results_scaled_judged.json
