ingested 196 PDFs -> 8960 chunks (131 linked to SourceEvidence by DOI)
skipped 27 exact byte-duplicate(s):
  2023.03.28.534574v1.full.pdf  == 2023.03.28.534574v1.full (1).pdf
  Directed_invasion_of_cancer_cell_spheroids_inside_.pdf  == Directed_invasion_of_cancer_cell_spheroids_inside_ (1).pdf
  journal.pone.0264571 (1).pdf  == Directed_invasion_of_cancer_cell_spheroids_inside_ (1).pdf
  journal.pone.0264571.pdf  == Directed_invasion_of_cancer_cell_spheroids_inside_ (1).pdf
  mmc5.pdf  == mmc5 (1).pdf
  msb.20177796.pdf  == msb.20177796 (1).pdf
  ncb3525.pdf  == ncb3525 (1).pdf
  ncomms14347 (2).pdf  == ncomms14347 (1).pdf
  ncomms14347.pdf  == ncomms14347 (1).pdf
  Arruda2026_NpjSystBiolAppl.pdf  == s41540-026-00648-9.pdf
  Audoin2022_SciRep.pdf  == s41598-022-18950-x.pdf
  Botticelli2025_FrontBioengBiotechnol.pdf  == fbioe-13-1515962.pdf
  Brningk2019_SciRep.pdf  == s41598-019-54117-x.pdf
  Bustamante2021_Biofabrication.pdf  == Bustamante_2021_Biofabrication_13_035010.pdf
  Chen2017_MBE.pdf  == 10.3934_mbe.2018016.pdf
  De2018_CommunBiol.pdf  == s42003-018-0084-9.pdf
  Dhandapani2023_AdvHealthcareMaterials.pdf  == Adv Healthcare Materials - 2023 - Dhandapani - In Vitro 3D Spheroid Model Preserves Tumor Microenvironment of Hot and Cold.pdf
  Fang2016_PhysRevE.pdf  == PhysRevE.93.042404.pdf
  Geiger2022_PLoSONE.pdf  == Directed_invasion_of_cancer_cell_spheroids_inside_ (1).pdf
  Herold2023_PLoSComputBiol.pdf  == pcbi.1010471.pdf
  Hou2018_SciRep.pdf  == s41598-018-25337-4.pdf
  Kim2012_IntegrBiol.pdf  == c2ib20159c.pdf
  Kim2023_Jour.pdf  == 11744268-6759-4d1c-8363-9666c54cd8c3.pdf
  Odenthal2013_PLoSComputBiol.pdf  == pcbi.1003267.pdf
  SciRep2025_GliomaAFM.pdf  == Masud2025_SciRep.pdf
  Wang2016_PLoSONE.pdf  == Spheroid_Formation_of_Hepatocarcinoma_Cells_in_Mic.pdf
  Zhuo2018_LightSciAppl.pdf  == s41377-018-0001-5.pdf
local index -> /Users/sw1/ffn_cellsim/ffn_sim/references/tag_corpus.json

references: 196 PDFs | paper_chunks: 8960 | linked to SE: 131

sample BM25 search 'cortical tension actin':
  [4.35] Chugh2017_NatCellBiol p0: nding how cells change shape1–3.
Cortical tension is primarily generated by myosin II moto
  [4.35] Boot2021_AdvancesInPhysicsX p18: discussed DAH has successfully accounted for many observations of tissue 
sorting, it focu
  [4.33] Chugh2017_NatCellBiol p1: DIAPH1 regulate mitotic cortex thickness and find that both increasing and decreasing thic
  [4.19] Arslan2024_CurrentBiology p9: overexpression (Figure S4C), their net ﬂows toward the rim van-
ished (Figure 5B) and, con
  [4.13] Chugh2017_NatCellBiol p0: ARTICLES
Actin cortex architecture regulates cell surface tension
Priyamvada Chugh1,8, And
