Warp 1.14.0 initialized:
   CUDA Toolkit 12.9, Driver 13.2
   Devices:
     "cpu"      : "CPU"
     "cuda:0"   : "NVIDIA RTX A5000 Laptop GPU" (16 GiB, sm_86, mempool enabled)
   Kernel cache:
     /home/sungwook/.cache/warp/1.14.0
Module __main__ a23d0ea load on device 'cuda:0' took 0.52 ms  (cached)
Module ffn_sim.ac.motor.minifilament_warp 86a280f load on device 'cuda:0' took 0.60 ms  (cached)
Module ffn_sim.ac.motor.backbone_warp 384dda9 load on device 'cuda:0' took 0.41 ms  (cached)
Module ffn_sim.ac.motor.hand 66bc01e load on device 'cuda:0' took 402.27 ms  (compiled)
NG-1 two-filament sarcomere isometric-stall gate | device=cuda:0 | warp=1.14.0 | actin_nodes=452 heads=20 ticks=600 seed=20260717
  production topology: n_bb=14 N_side=10 L_bb=0.301µm offset=0.2µm | k_xb=1000.0 k_arm=100.0 k_bb=1000.0 pN/µm | f_stall=0.5pN
  antiparallel barbed ends: A=[-1.0, 0.0, 0.0]  B=[1.0, 0.0, 0.0]  (outward)
  MEASURED clamp reactions:  A=+3.7730 pN   B=-3.8948 pN   (mag 3.8339 pN)
  ANALYTIC  F_side = N_side·φ_b·f_stall = 4.9627 pN  (φ_b=0.9925)
  TRANSMISSION ratio |B|/|A| = 1.0323   (ideal collinear = 1.0; k_eff = 90.91 pN/µm)
  STALL: v/v0 = 0.1039 (≤ 0.15 ⇒ stalled)   per-head load = 0.3709 pN (reported; GAP-sensitive)   bound fraction = 1.0000
    [PASS] transmission≈1
    [PASS] reaction_A≈F_side
    [PASS] reaction_B≈F_side
    [PASS] reactions_opposite
    [PASS] v/v0→0 (stalled)
    [PASS] φ_b_emergent
  DECISION: transmission ≈ 1 and per-side ≈ analytic ⇒ motor faithful → carry the low per-minifilament force to the full-cell DENSITY question (sweep_gap_claims / Nie-2015 floor).
NG-1 OVERALL: PASS (6/6 checks)
exit=0
