[OK] Granted sungwook access to /dev/dxg for Slurm job 26.
[GPU SUBMIT]
  reserved_token: rtx3090
  physical_gpu:   2
  visible_device: cuda:0
  CUDA_VISIBLE_DEVICES=2
  cpus:           8
  mem_gb:         48
  PWD=/home/sungwook/ffn/ffn_cellsim_cortical_tension

Warp 1.14.0 initialized:
   CUDA Toolkit 12.9, Driver 13.3
   Devices:
     "cpu"      : "x86_64"
     "cuda:0"   : "NVIDIA GeForce RTX 3090" (24 GiB, sm_86, mempool enabled)
   Kernel cache:
     /home/sungwook/.cache/warp/1.14.0
[gate-b-column] device=cuda:0  steps=1  dt=0.01s  inner=40  solver=erm_gauss_seidel retries=99 membrane_subdiv=6  nucleus_subdiv=3
Module aleph.components.incumbent.live_mesh_domain 07b917a load on device 'cuda:0' took 2717.52 ms  (compiled)
[gate-b-column] built cell in 16.7s: n_actin=494802 n_total=536406 nucleus_faces=1280 membrane_verts=40962 field_cells=79507
========================================================================================================
  GATE-B PROVISIONAL PARAMETERS  —  interior column membrane→cytosol→nucleus (fluid + Core Body)
  MECHANISM DEMONSTRATION, NOT quantitative production — the nucleus + osmotic magnitudes are PI GAPs.
--------------------------------------------------------------------------------------------------------
    nucleus k_soft [pN/µm] =         30   I0-B2 GAP-PI (chromatin+lamin-B areal modulus)
    nucleus k_ac   [pN/µm] =        150   I0-B2 GAP-PI (lamin-A/C strain-stiffened tangent)
    nucleus knee   [-]      =        0.1   I0-B2 provisional (strain crossover)
    nucleus eps_rupt [-]    =        0.5   I0-B2 GAP-PI — do NOT keep the ff proxy 0.50
    nucleus k_vol [pN/µm²]  =       1000   I0-B2 (nucleoplasm incompressible penalty)
    nucleus k_linc[pN/µm]   =        100   I0-B2 HALT→PI (nesprin nonlinear, no Hookean k)
    cytosol Π₀    [Pa]      =         40   GAP (HeLa proxy; osmotic vertical deferred POST-GATE-A)
========================================================================================================
Module aleph.laws.network_warp 25d681b load on device 'cuda:0' took 2338.97 ms  (compiled)
Module aleph.laws.forces_warp f7f4cb5 load on device 'cuda:0' took 174.32 ms  (compiled)
Module aleph.laws.membrane_surface 6fb4428 load on device 'cuda:0' took 783.00 ms  (compiled)
Module aleph.components.nucleus.envelope 1572811 load on device 'cuda:0' took 951.83 ms  (compiled)
Module aleph.components.incumbent.compartments 8111c33 load on device 'cuda:0' took 280.17 ms  (compiled)
Module aleph.components.incumbent.erm_tether 2edfc82 load on device 'cuda:0' took 769.80 ms  (compiled)
Module aleph.components.incumbent.membrane_pressure 61de45d load on device 'cuda:0' took 1144.40 ms  (compiled)
Module aleph.components.solid.steric_warp 75a3ba0 load on device 'cuda:0' took 356.27 ms  (compiled)
Module aleph.components.fluid.biot_substrate fd600cf load on device 'cuda:0' took 1377.80 ms  (compiled)
[gate-b-column] RESTING PRELOAD ON: cortex_prestrain=0 ({'n_xl': 1413720, 'prestrain': 0.0}); ERM balance={'n_erm': 40962, 'res_before': 0.776558506775506, 'res_after': 0.8001627251245638}
[gate-b-column] ARRAY OWNERSHIP: membrane/cortex/nucleus address DISJOINT blocks of the global arrays — cortex=[0, 494802), membrane=[495444, 536406), nucleus=[494802, 495444) of 536406 nodes. These are SLICE VIEWS, not private allocations: the incumbent's inner solve still relaxes one global pos_d, so `arrays_private` is FALSE and STATE.md (c) 4 stands until the PI says otherwise.
[gate-b-column] interior column composed: 7 transaction participants (membrane+cortex+cytosol+nucleus + surface_porous_transfer + membrane/nucleus cytosol boundaries), one accepted-step predicate.

step  p_mean_Pa   p_max_Pa    memb_flux  noflux_teeth  ruptured      maxPF
slurmstepd: error: *** JOB 26 ON DESKTOP-EEUU4RQ CANCELLED AT 2026-08-10T01:29:09 ***
