============================= test session starts ==============================
platform darwin -- Python 3.13.13, pytest-9.0.3, pluggy-1.6.0
rootdir: /Users/sw1/ffn_cellsim
configfile: pyproject.toml
collected 1 item

ffn_sim/tests/validation/test_ku130.py F

=================================== FAILURES ===================================
__________ TestKU130_3_PointDipole.test_point_dipole_production_band ___________

self = <ffn_sim.tests.validation.test_ku130.TestKU130_3_PointDipole object at 0x13135a490>

    @pytest.mark.skipif(
        os.environ.get("H1_KU130_PRODUCTION", "") != "1",
        reason="Production-scale KU-1.30 #3; opt-in via H1_KU130_PRODUCTION=1.",
    )
    def test_point_dipole_production_band(self):
        with open(CONFIG_PATH) as f:
            cfg = yaml.safe_load(f)
        p = resolve_derived(cfg)
        t0 = time.time()
        # 5 time-averaged snapshots spaced by 200 steps to cancel
        # thermal σ_xx noise (mean zero) while accumulating the
        # dipole-induced mean (≠ zero).
        res = _point_dipole_stress_decay(
            p,
            n_softstart=100, n_baoab=900, n_after_dipole=2000,
            n_time_avg_samples=5, time_avg_spacing=200,
        )
        elapsed = time.time() - t0
        OUTPUTS_DIR.mkdir(parents=True, exist_ok=True)
        np.savez(
            OUTPUTS_DIR / "ku130_point_dipole_production.npz",
            bin_centers_m=res.bin_centers_m,
            sigma_radial_pa=res.sigma_radial_pa,
            fit_exponent=res.fit_exponent,
            wall_time_s=elapsed,
        )
>       assert -2.5 <= res.fit_exponent <= -1.5, (
            f"Point-dipole stress decay exponent {res.fit_exponent:.3f} "
            f"outside KU-1.30 #3 band [-2.5, -1.5]. Surface to PI."
        )
E       AssertionError: Point-dipole stress decay exponent 0.755 outside KU-1.30 #3 band [-2.5, -1.5]. Surface to PI.
E       assert 0.7547629524575212 <= -1.5
E        +  where 0.7547629524575212 = DipoleResult(bin_centers_m=array([6.29977771e-07, 9.57510196e-07, 1.45533036e-06, 2.21197274e-06,\n       3.36200188e-0...8, 3180.32332057, 3473.5899083 ,\n       3128.1079785 , 3600.23349308, 3429.71461733]), fit_exponent=0.7547629524575212).fit_exponent

ffn_sim/tests/validation/test_ku130.py:694: AssertionError
=========================== short test summary info ============================
FAILED ffn_sim/tests/validation/test_ku130.py::TestKU130_3_PointDipole::test_point_dipole_production_band
======================== 1 failed in 117.91s (0:01:57) =========================
